// Jest Snapshot v1, https://goo.gl/fbAQLP

exports[`matches the snapshot 1`] = `
Array [
  <div
    className="navbar-component"
  >
    <h1>
      Math Magicians
    </h1>
    <nav
      className="navbar"
    >
      <ul
        className="navbar-list"
      >
        <li
          className="navbar-list-items"
        >
          <a
            aria-current="page"
            className="active-link"
            href="/"
            onClick={[Function]}
            style={Object {}}
          >
            Home
          </a>
          <span
            className="pipe-divisor"
          >
             | 
          </span>
        </li>
        <li
          className="navbar-list-items"
        >
          <a
            aria-current={null}
            href="/calculator"
            onClick={[Function]}
          >
            Calculator
          </a>
          <span
            className="pipe-divisor"
          >
             | 
          </span>
        </li>
        <li
          className="navbar-list-items"
        >
          <a
            aria-current={null}
            href="/quote"
            onClick={[Function]}
          >
            Quote
          </a>
          <span
            className="pipe-divisor"
          >
             | 
          </span>
        </li>
      </ul>
    </nav>
  </div>,
  <h2>
    Welcome Math Magicians!
  </h2>,
  <p>
    Lorem ipsum dolor sit amet, consectetur adipiscing elit, sed do eiusmod tempor incididunt ut labore et dolore magna aliqua. Ut enim ad minim veniam, quis nostrud exercitation ullamco laboris nisi ut aliquip ex ea commodo consequat. Duis aute irure dolor in reprehenderit in voluptate velit esse cillum dolore eu fugiat nulla pariatur. Excepteur sint occaecat
  </p>,
  <p>
    Lorem ipsum dolor sit amet, consectetur adipiscing elit, sed do eiusmod tempor incididunt ut labore et dolore magna aliqua. Ut enim ad minim veniam, quis nostrud exercitation ullamco laboris nisi ut aliquip ex ea commodo consequat. Duis aute irure dolor in reprehenderit in voluptate velit esse cillum dolore eu fugiat nulla pariatur. Excepteur sint occaecat
  </p>,
]
`;